Regular files in directory 
/home/petros/LearningBash/example-scripts-PLH211/arithmeticTests
/home/petros/LearningBash/example-scripts-PLH211/arithmetics
/home/petros/LearningBash/example-scripts-PLH211/breakCont
/home/petros/LearningBash/example-scripts-PLH211/commands
/home/petros/LearningBash/example-scripts-PLH211/countword
/home/petros/LearningBash/example-scripts-PLH211/dirSize
/home/petros/LearningBash/example-scripts-PLH211/exitStatus
/home/petros/LearningBash/example-scripts-PLH211/factorial
/home/petros/LearningBash/example-scripts-PLH211/fileTests
/home/petros/LearningBash/example-scripts-PLH211/files.lst
/home/petros/LearningBash/example-scripts-PLH211/forLoops
/home/petros/LearningBash/example-scripts-PLH211/forLoops2
/home/petros/LearningBash/example-scripts-PLH211/integerTests
/home/petros/LearningBash/example-scripts-PLH211/listAndCopy
/home/petros/LearningBash/example-scripts-PLH211/listRegFiles
/home/petros/LearningBash/example-scripts-PLH211/math
/home/petros/LearningBash/example-scripts-PLH211/mybc
/home/petros/LearningBash/example-scripts-PLH211/myexpr
/home/petros/LearningBash/example-scripts-PLH211/parameters
/home/petros/LearningBash/example-scripts-PLH211/printContents
/home/petros/LearningBash/example-scripts-PLH211/printContents2
/home/petros/LearningBash/example-scripts-PLH211/revstrs
/home/petros/LearningBash/example-scripts-PLH211/setProg
/home/petros/LearningBash/example-scripts-PLH211/shiftCommand
/home/petros/LearningBash/example-scripts-PLH211/testf.txt
/home/petros/LearningBash/example-scripts-PLH211/variables
/home/petros/LearningBash/example-scripts-PLH211/whileLoops
